bkt 00000000  67 69 74 68 75 62 2e 63  6f 6d 2f 6e 6f 63 68 73  |github.com/nochs|
bkt 00000010  6f 2f 62 6f 6c 73 74 65  72 5f 74 65 73 74 2e 73  |o/bolster_test.s|
bkt 00000020  74 72 75 63 74 57 69 74  68 41 75 74 6f 69 6e 63  |tructWithAutoinc|
bkt 00000030  72 65 6d 65 6e 74 49 6e  74 38                    |rementInt8|
    bkt 00000000  64 61 74 61                                       |data|
        key 00000000  80 00 00 00 00 00 00 01                           |........|
            val 00000000  7b 22 49 44 22 3a 31 7d                           |{"ID":1}|
        key 00000000  80 00 00 00 00 00 00 02                           |........|
            val 00000000  7b 22 49 44 22 3a 32 7d                           |{"ID":2}|
        key 00000000  80 00 00 00 00 00 00 03                           |........|
            val 00000000  7b 22 49 44 22 3a 33 7d                           |{"ID":3}|
        key 00000000  80 00 00 00 00 00 00 04                           |........|
            val 00000000  7b 22 49 44 22 3a 34 7d                           |{"ID":4}|
        key 00000000  80 00 00 00 00 00 00 05                           |........|
            val 00000000  7b 22 49 44 22 3a 35 7d                           |{"ID":5}|
        key 00000000  80 00 00 00 00 00 00 06                           |........|
            val 00000000  7b 22 49 44 22 3a 36 7d                           |{"ID":6}|
        key 00000000  80 00 00 00 00 00 00 07                           |........|
            val 00000000  7b 22 49 44 22 3a 37 7d                           |{"ID":7}|
        key 00000000  80 00 00 00 00 00 00 08                           |........|
            val 00000000  7b 22 49 44 22 3a 38 7d                           |{"ID":8}|
        key 00000000  80 00 00 00 00 00 00 09                           |........|
            val 00000000  7b 22 49 44 22 3a 39 7d                           |{"ID":9}|
        key 00000000  80 00 00 00 00 00 00 0a                           |........|
            val 00000000  7b 22 49 44 22 3a 31 30  7d                       |{"ID":10}|
        key 00000000  80 00 00 00 00 00 00 0b                           |........|
            val 00000000  7b 22 49 44 22 3a 31 31  7d                       |{"ID":11}|
        key 00000000  80 00 00 00 00 00 00 0c                           |........|
            val 00000000  7b 22 49 44 22 3a 31 32  7d                       |{"ID":12}|
        key 00000000  80 00 00 00 00 00 00 0d                           |........|
            val 00000000  7b 22 49 44 22 3a 31 33  7d                       |{"ID":13}|
        key 00000000  80 00 00 00 00 00 00 0e                           |........|
            val 00000000  7b 22 49 44 22 3a 31 34  7d                       |{"ID":14}|
        key 00000000  80 00 00 00 00 00 00 0f                           |........|
            val 00000000  7b 22 49 44 22 3a 31 35  7d                       |{"ID":15}|
        key 00000000  80 00 00 00 00 00 00 10                           |........|
            val 00000000  7b 22 49 44 22 3a 31 36  7d                       |{"ID":16}|
        key 00000000  80 00 00 00 00 00 00 11                           |........|
            val 00000000  7b 22 49 44 22 3a 31 37  7d                       |{"ID":17}|
        key 00000000  80 00 00 00 00 00 00 12                           |........|
            val 00000000  7b 22 49 44 22 3a 31 38  7d                       |{"ID":18}|
        key 00000000  80 00 00 00 00 00 00 13                           |........|
            val 00000000  7b 22 49 44 22 3a 31 39  7d                       |{"ID":19}|
        key 00000000  80 00 00 00 00 00 00 14                           |........|
            val 00000000  7b 22 49 44 22 3a 32 30  7d                       |{"ID":20}|
        key 00000000  80 00 00 00 00 00 00 15                           |........|
            val 00000000  7b 22 49 44 22 3a 32 31  7d                       |{"ID":21}|
        key 00000000  80 00 00 00 00 00 00 16                           |........|
            val 00000000  7b 22 49 44 22 3a 32 32  7d                       |{"ID":22}|
        key 00000000  80 00 00 00 00 00 00 17                           |........|
            val 00000000  7b 22 49 44 22 3a 32 33  7d                       |{"ID":23}|
        key 00000000  80 00 00 00 00 00 00 18                           |........|
            val 00000000  7b 22 49 44 22 3a 32 34  7d                       |{"ID":24}|
        key 00000000  80 00 00 00 00 00 00 19                           |........|
            val 00000000  7b 22 49 44 22 3a 32 35  7d                       |{"ID":25}|
        key 00000000  80 00 00 00 00 00 00 1a                           |........|
            val 00000000  7b 22 49 44 22 3a 32 36  7d                       |{"ID":26}|
        key 00000000  80 00 00 00 00 00 00 1b                           |........|
            val 00000000  7b 22 49 44 22 3a 32 37  7d                       |{"ID":27}|
        key 00000000  80 00 00 00 00 00 00 1c                           |........|
            val 00000000  7b 22 49 44 22 3a 32 38  7d                       |{"ID":28}|
        key 00000000  80 00 00 00 00 00 00 1d                           |........|
            val 00000000  7b 22 49 44 22 3a 32 39  7d                       |{"ID":29}|
        key 00000000  80 00 00 00 00 00 00 1e                           |........|
            val 00000000  7b 22 49 44 22 3a 33 30  7d                       |{"ID":30}|
        key 00000000  80 00 00 00 00 00 00 1f                           |........|
            val 00000000  7b 22 49 44 22 3a 33 31  7d                       |{"ID":31}|
        key 00000000  80 00 00 00 00 00 00 20                           |....... |
            val 00000000  7b 22 49 44 22 3a 33 32  7d                       |{"ID":32}|
        key 00000000  80 00 00 00 00 00 00 21                           |.......!|
            val 00000000  7b 22 49 44 22 3a 33 33  7d                       |{"ID":33}|
        key 00000000  80 00 00 00 00 00 00 22                           |......."|
            val 00000000  7b 22 49 44 22 3a 33 34  7d                       |{"ID":34}|
        key 00000000  80 00 00 00 00 00 00 23                           |.......#|
            val 00000000  7b 22 49 44 22 3a 33 35  7d                       |{"ID":35}|
        key 00000000  80 00 00 00 00 00 00 24                           |.......$|
            val 00000000  7b 22 49 44 22 3a 33 36  7d                       |{"ID":36}|
        key 00000000  80 00 00 00 00 00 00 25                           |.......%|
            val 00000000  7b 22 49 44 22 3a 33 37  7d                       |{"ID":37}|
        key 00000000  80 00 00 00 00 00 00 26                           |.......&|
            val 00000000  7b 22 49 44 22 3a 33 38  7d                       |{"ID":38}|
        key 00000000  80 00 00 00 00 00 00 27                           |.......'|
            val 00000000  7b 22 49 44 22 3a 33 39  7d                       |{"ID":39}|
        key 00000000  80 00 00 00 00 00 00 28                           |.......(|
            val 00000000  7b 22 49 44 22 3a 34 30  7d                       |{"ID":40}|
        key 00000000  80 00 00 00 00 00 00 29                           |.......)|
            val 00000000  7b 22 49 44 22 3a 34 31  7d                       |{"ID":41}|
        key 00000000  80 00 00 00 00 00 00 2a                           |.......*|
            val 00000000  7b 22 49 44 22 3a 34 32  7d                       |{"ID":42}|
        key 00000000  80 00 00 00 00 00 00 2b                           |.......+|
            val 00000000  7b 22 49 44 22 3a 34 33  7d                       |{"ID":43}|
        key 00000000  80 00 00 00 00 00 00 2c                           |.......,|
            val 00000000  7b 22 49 44 22 3a 34 34  7d                       |{"ID":44}|
        key 00000000  80 00 00 00 00 00 00 2d                           |.......-|
            val 00000000  7b 22 49 44 22 3a 34 35  7d                       |{"ID":45}|
        key 00000000  80 00 00 00 00 00 00 2e                           |........|
            val 00000000  7b 22 49 44 22 3a 34 36  7d                       |{"ID":46}|
        key 00000000  80 00 00 00 00 00 00 2f                           |......./|
            val 00000000  7b 22 49 44 22 3a 34 37  7d                       |{"ID":47}|
        key 00000000  80 00 00 00 00 00 00 30                           |.......0|
            val 00000000  7b 22 49 44 22 3a 34 38  7d                       |{"ID":48}|
        key 00000000  80 00 00 00 00 00 00 31                           |.......1|
            val 00000000  7b 22 49 44 22 3a 34 39  7d                       |{"ID":49}|
        key 00000000  80 00 00 00 00 00 00 32                           |.......2|
            val 00000000  7b 22 49 44 22 3a 35 30  7d                       |{"ID":50}|
        key 00000000  80 00 00 00 00 00 00 33                           |.......3|
            val 00000000  7b 22 49 44 22 3a 35 31  7d                       |{"ID":51}|
        key 00000000  80 00 00 00 00 00 00 34                           |.......4|
            val 00000000  7b 22 49 44 22 3a 35 32  7d                       |{"ID":52}|
        key 00000000  80 00 00 00 00 00 00 35                           |.......5|
            val 00000000  7b 22 49 44 22 3a 35 33  7d                       |{"ID":53}|
        key 00000000  80 00 00 00 00 00 00 36                           |.......6|
            val 00000000  7b 22 49 44 22 3a 35 34  7d                       |{"ID":54}|
        key 00000000  80 00 00 00 00 00 00 37                           |.......7|
            val 00000000  7b 22 49 44 22 3a 35 35  7d                       |{"ID":55}|
        key 00000000  80 00 00 00 00 00 00 38                           |.......8|
            val 00000000  7b 22 49 44 22 3a 35 36  7d                       |{"ID":56}|
        key 00000000  80 00 00 00 00 00 00 39                           |.......9|
            val 00000000  7b 22 49 44 22 3a 35 37  7d                       |{"ID":57}|
        key 00000000  80 00 00 00 00 00 00 3a                           |.......:|
            val 00000000  7b 22 49 44 22 3a 35 38  7d                       |{"ID":58}|
        key 00000000  80 00 00 00 00 00 00 3b                           |.......;|
            val 00000000  7b 22 49 44 22 3a 35 39  7d                       |{"ID":59}|
        key 00000000  80 00 00 00 00 00 00 3c                           |.......<|
            val 00000000  7b 22 49 44 22 3a 36 30  7d                       |{"ID":60}|
        key 00000000  80 00 00 00 00 00 00 3d                           |.......=|
            val 00000000  7b 22 49 44 22 3a 36 31  7d                       |{"ID":61}|
        key 00000000  80 00 00 00 00 00 00 3e                           |.......>|
            val 00000000  7b 22 49 44 22 3a 36 32  7d                       |{"ID":62}|
        key 00000000  80 00 00 00 00 00 00 3f                           |.......?|
            val 00000000  7b 22 49 44 22 3a 36 33  7d                       |{"ID":63}|
        key 00000000  80 00 00 00 00 00 00 40                           |.......@|
            val 00000000  7b 22 49 44 22 3a 36 34  7d                       |{"ID":64}|
        key 00000000  80 00 00 00 00 00 00 41                           |.......A|
            val 00000000  7b 22 49 44 22 3a 36 35  7d                       |{"ID":65}|
        key 00000000  80 00 00 00 00 00 00 42                           |.......B|
            val 00000000  7b 22 49 44 22 3a 36 36  7d                       |{"ID":66}|
        key 00000000  80 00 00 00 00 00 00 43                           |.......C|
            val 00000000  7b 22 49 44 22 3a 36 37  7d                       |{"ID":67}|
        key 00000000  80 00 00 00 00 00 00 44                           |.......D|
            val 00000000  7b 22 49 44 22 3a 36 38  7d                       |{"ID":68}|
        key 00000000  80 00 00 00 00 00 00 45                           |.......E|
            val 00000000  7b 22 49 44 22 3a 36 39  7d                       |{"ID":69}|
        key 00000000  80 00 00 00 00 00 00 46                           |.......F|
            val 00000000  7b 22 49 44 22 3a 37 30  7d                       |{"ID":70}|
        key 00000000  80 00 00 00 00 00 00 47                           |.......G|
            val 00000000  7b 22 49 44 22 3a 37 31  7d                       |{"ID":71}|
        key 00000000  80 00 00 00 00 00 00 48                           |.......H|
            val 00000000  7b 22 49 44 22 3a 37 32  7d                       |{"ID":72}|
        key 00000000  80 00 00 00 00 00 00 49                           |.......I|
            val 00000000  7b 22 49 44 22 3a 37 33  7d                       |{"ID":73}|
        key 00000000  80 00 00 00 00 00 00 4a                           |.......J|
            val 00000000  7b 22 49 44 22 3a 37 34  7d                       |{"ID":74}|
        key 00000000  80 00 00 00 00 00 00 4b                           |.......K|
            val 00000000  7b 22 49 44 22 3a 37 35  7d                       |{"ID":75}|
        key 00000000  80 00 00 00 00 00 00 4c                           |.......L|
            val 00000000  7b 22 49 44 22 3a 37 36  7d                       |{"ID":76}|
        key 00000000  80 00 00 00 00 00 00 4d                           |.......M|
            val 00000000  7b 22 49 44 22 3a 37 37  7d                       |{"ID":77}|
        key 00000000  80 00 00 00 00 00 00 4e                           |.......N|
            val 00000000  7b 22 49 44 22 3a 37 38  7d                       |{"ID":78}|
        key 00000000  80 00 00 00 00 00 00 4f                           |.......O|
            val 00000000  7b 22 49 44 22 3a 37 39  7d                       |{"ID":79}|
        key 00000000  80 00 00 00 00 00 00 50                           |.......P|
            val 00000000  7b 22 49 44 22 3a 38 30  7d                       |{"ID":80}|
        key 00000000  80 00 00 00 00 00 00 51                           |.......Q|
            val 00000000  7b 22 49 44 22 3a 38 31  7d                       |{"ID":81}|
        key 00000000  80 00 00 00 00 00 00 52                           |.......R|
            val 00000000  7b 22 49 44 22 3a 38 32  7d                       |{"ID":82}|
        key 00000000  80 00 00 00 00 00 00 53                           |.......S|
            val 00000000  7b 22 49 44 22 3a 38 33  7d                       |{"ID":83}|
        key 00000000  80 00 00 00 00 00 00 54                           |.......T|
            val 00000000  7b 22 49 44 22 3a 38 34  7d                       |{"ID":84}|
        key 00000000  80 00 00 00 00 00 00 55                           |.......U|
            val 00000000  7b 22 49 44 22 3a 38 35  7d                       |{"ID":85}|
        key 00000000  80 00 00 00 00 00 00 56                           |.......V|
            val 00000000  7b 22 49 44 22 3a 38 36  7d                       |{"ID":86}|
        key 00000000  80 00 00 00 00 00 00 57                           |.......W|
            val 00000000  7b 22 49 44 22 3a 38 37  7d                       |{"ID":87}|
        key 00000000  80 00 00 00 00 00 00 58                           |.......X|
            val 00000000  7b 22 49 44 22 3a 38 38  7d                       |{"ID":88}|
        key 00000000  80 00 00 00 00 00 00 59                           |.......Y|
            val 00000000  7b 22 49 44 22 3a 38 39  7d                       |{"ID":89}|
        key 00000000  80 00 00 00 00 00 00 5a                           |.......Z|
            val 00000000  7b 22 49 44 22 3a 39 30  7d                       |{"ID":90}|
        key 00000000  80 00 00 00 00 00 00 5b                           |.......[|
            val 00000000  7b 22 49 44 22 3a 39 31  7d                       |{"ID":91}|
        key 00000000  80 00 00 00 00 00 00 5c                           |.......\|
            val 00000000  7b 22 49 44 22 3a 39 32  7d                       |{"ID":92}|
        key 00000000  80 00 00 00 00 00 00 5d                           |.......]|
            val 00000000  7b 22 49 44 22 3a 39 33  7d                       |{"ID":93}|
        key 00000000  80 00 00 00 00 00 00 5e                           |.......^|
            val 00000000  7b 22 49 44 22 3a 39 34  7d                       |{"ID":94}|
        key 00000000  80 00 00 00 00 00 00 5f                           |......._|
            val 00000000  7b 22 49 44 22 3a 39 35  7d                       |{"ID":95}|
        key 00000000  80 00 00 00 00 00 00 60                           |.......`|
            val 00000000  7b 22 49 44 22 3a 39 36  7d                       |{"ID":96}|
        key 00000000  80 00 00 00 00 00 00 61                           |.......a|
            val 00000000  7b 22 49 44 22 3a 39 37  7d                       |{"ID":97}|
        key 00000000  80 00 00 00 00 00 00 62                           |.......b|
            val 00000000  7b 22 49 44 22 3a 39 38  7d                       |{"ID":98}|
        key 00000000  80 00 00 00 00 00 00 63                           |.......c|
            val 00000000  7b 22 49 44 22 3a 39 39  7d                       |{"ID":99}|
        key 00000000  80 00 00 00 00 00 00 64                           |.......d|
            val 00000000  7b 22 49 44 22 3a 31 30  30 7d                    |{"ID":100}|
        key 00000000  80 00 00 00 00 00 00 65                           |.......e|
            val 00000000  7b 22 49 44 22 3a 31 30  31 7d                    |{"ID":101}|
        key 00000000  80 00 00 00 00 00 00 66                           |.......f|
            val 00000000  7b 22 49 44 22 3a 31 30  32 7d                    |{"ID":102}|
        key 00000000  80 00 00 00 00 00 00 67                           |.......g|
            val 00000000  7b 22 49 44 22 3a 31 30  33 7d                    |{"ID":103}|
        key 00000000  80 00 00 00 00 00 00 68                           |.......h|
            val 00000000  7b 22 49 44 22 3a 31 30  34 7d                    |{"ID":104}|
        key 00000000  80 00 00 00 00 00 00 69                           |.......i|
            val 00000000  7b 22 49 44 22 3a 31 30  35 7d                    |{"ID":105}|
        key 00000000  80 00 00 00 00 00 00 6a                           |.......j|
            val 00000000  7b 22 49 44 22 3a 31 30  36 7d                    |{"ID":106}|
        key 00000000  80 00 00 00 00 00 00 6b                           |.......k|
            val 00000000  7b 22 49 44 22 3a 31 30  37 7d                    |{"ID":107}|
        key 00000000  80 00 00 00 00 00 00 6c                           |.......l|
            val 00000000  7b 22 49 44 22 3a 31 30  38 7d                    |{"ID":108}|
        key 00000000  80 00 00 00 00 00 00 6d                           |.......m|
            val 00000000  7b 22 49 44 22 3a 31 30  39 7d                    |{"ID":109}|
        key 00000000  80 00 00 00 00 00 00 6e                           |.......n|
            val 00000000  7b 22 49 44 22 3a 31 31  30 7d                    |{"ID":110}|
        key 00000000  80 00 00 00 00 00 00 6f                           |.......o|
            val 00000000  7b 22 49 44 22 3a 31 31  31 7d                    |{"ID":111}|
        key 00000000  80 00 00 00 00 00 00 70                           |.......p|
            val 00000000  7b 22 49 44 22 3a 31 31  32 7d                    |{"ID":112}|
        key 00000000  80 00 00 00 00 00 00 71                           |.......q|
            val 00000000  7b 22 49 44 22 3a 31 31  33 7d                    |{"ID":113}|
        key 00000000  80 00 00 00 00 00 00 72                           |.......r|
            val 00000000  7b 22 49 44 22 3a 31 31  34 7d                    |{"ID":114}|
        key 00000000  80 00 00 00 00 00 00 73                           |.......s|
            val 00000000  7b 22 49 44 22 3a 31 31  35 7d                    |{"ID":115}|
        key 00000000  80 00 00 00 00 00 00 74                           |.......t|
            val 00000000  7b 22 49 44 22 3a 31 31  36 7d                    |{"ID":116}|
        key 00000000  80 00 00 00 00 00 00 75                           |.......u|
            val 00000000  7b 22 49 44 22 3a 31 31  37 7d                    |{"ID":117}|
        key 00000000  80 00 00 00 00 00 00 76                           |.......v|
            val 00000000  7b 22 49 44 22 3a 31 31  38 7d                    |{"ID":118}|
        key 00000000  80 00 00 00 00 00 00 77                           |.......w|
            val 00000000  7b 22 49 44 22 3a 31 31  39 7d                    |{"ID":119}|
        key 00000000  80 00 00 00 00 00 00 78                           |.......x|
            val 00000000  7b 22 49 44 22 3a 31 32  30 7d                    |{"ID":120}|
        key 00000000  80 00 00 00 00 00 00 79                           |.......y|
            val 00000000  7b 22 49 44 22 3a 31 32  31 7d                    |{"ID":121}|
        key 00000000  80 00 00 00 00 00 00 7a                           |.......z|
            val 00000000  7b 22 49 44 22 3a 31 32  32 7d                    |{"ID":122}|
        key 00000000  80 00 00 00 00 00 00 7b                           |.......{|
            val 00000000  7b 22 49 44 22 3a 31 32  33 7d                    |{"ID":123}|
        key 00000000  80 00 00 00 00 00 00 7c                           |.......||
            val 00000000  7b 22 49 44 22 3a 31 32  34 7d                    |{"ID":124}|
        key 00000000  80 00 00 00 00 00 00 7d                           |.......}|
            val 00000000  7b 22 49 44 22 3a 31 32  35 7d                    |{"ID":125}|
        key 00000000  80 00 00 00 00 00 00 7e                           |.......~|
            val 00000000  7b 22 49 44 22 3a 31 32  36 7d                    |{"ID":126}|
        key 00000000  80 00 00 00 00 00 00 7f                           |........|
            val 00000000  7b 22 49 44 22 3a 31 32  37 7d                    |{"ID":127}|
    bkt 00000000  69 6e 64 65 78                                    |index|
