bkt 00000000  67 69 74 68 75 62 2e 63  6f 6d 2f 6e 6f 63 68 73  |github.com/nochs|
bkt 00000010  6f 2f 62 6f 6c 73 74 65  72 5f 74 65 73 74 2e 73  |o/bolster_test.s|
bkt 00000020  74 72 75 63 74 57 69 74  68 41 75 74 6f 69 6e 63  |tructWithAutoinc|
bkt 00000030  72 65 6d 65 6e 74                                 |rement|
    key 00000000  01                                                |.|
        val 00000000  7b 22 49 44 22 3a 31 7d                           |{"ID":1}|
