bkt 00000000  67 69 74 68 75 62 2e 63  6f 6d 2f 6e 6f 63 68 73  |github.com/nochs|
bkt 00000010  6f 2f 62 6f 6c 73 74 65  72 5f 74 65 73 74 2e 73  |o/bolster_test.s|
bkt 00000020  74 72 75 63 74 57 69 74  68 49 44                 |tructWithID|
    bkt 00000000  64 61 74 61                                       |data|
    bkt 00000000  69 6e 64 65 78                                    |index|
