bkt 00000000  67 69 74 68 75 62 2e 63  6f 6d 2f 6e 6f 63 68 73  |github.com/nochs|
bkt 00000010  6f 2f 62 6f 6c 73 74 65  72 5f 74 65 73 74 2e 73  |o/bolster_test.s|
bkt 00000020  74 72 75 63 74 57 69 74  68 4d 75 6c 74 69 46 69  |tructWithMultiFi|
bkt 00000030  65 6c 64 49 6e 64 65 78                           |eldIndex|
    bkt 00000000  64 61 74 61                                       |data|
        key 00000000  80 00 00 00 00 00 00 01                           |........|
            val 00000000  7b 22 49 44 22 3a 31 2c  22 4e 61 6d 65 22 3a 22  |{"ID":1,"Name":"|
            val 00000010  66 6f 6f 22 2c 22 56 69  73 69 62 6c 65 22 3a 74  |foo","Visible":t|
            val 00000020  72 75 65 7d                                       |rue}|
        key 00000000  80 00 00 00 00 00 00 02                           |........|
            val 00000000  7b 22 49 44 22 3a 32 2c  22 4e 61 6d 65 22 3a 22  |{"ID":2,"Name":"|
            val 00000010  62 61 72 22 2c 22 56 69  73 69 62 6c 65 22 3a 66  |bar","Visible":f|
            val 00000020  61 6c 73 65 7d                                    |alse}|
        key 00000000  80 00 00 00 00 00 00 03                           |........|
            val 00000000  7b 22 49 44 22 3a 33 2c  22 4e 61 6d 65 22 3a 22  |{"ID":3,"Name":"|
            val 00000010  66 6f 6f 62 61 72 22 2c  22 56 69 73 69 62 6c 65  |foobar","Visible|
            val 00000020  22 3a 66 61 6c 73 65 7d                           |":false}|
    bkt 00000000  69 6e 64 65 78                                    |index|
        bkt 00000000  69 2c 20 62 6f 6f 6c 20  56 69 73 69 62 6c 65 2c  |i, bool Visible,|
        bkt 00000010  20 73 74 72 69 6e 67 20  4e 61 6d 65              | string Name|
            key 00000000  00 62 61 72 80 00 00 00  00 00 00 02              |.bar........|
                val []byte{}
            key 00000000  00 66 6f 6f 62 61 72 80  00 00 00 00 00 00 03     |.foobar........|
                val []byte{}
            key 00000000  01 66 6f 6f 80 00 00 00  00 00 00 01              |.foo........|
                val []byte{}
