bkt 00000000  67 69 74 68 75 62 2e 63  6f 6d 2f 6e 6f 63 68 73  |github.com/nochs|
bkt 00000010  6f 2f 62 6f 6c 73 74 65  72 5f 74 65 73 74 2e 73  |o/bolster_test.s|
bkt 00000020  74 72 75 63 74 57 69 74  68 54 61 67 67 65 64 49  |tructWithTaggedI|
bkt 00000030  44                                                |D|
    bkt 00000000  64 61 74 61                                       |data|
        key 00000000  00 00 00 00 00 00 00 01                           |........|
            val 00000000  7b 22 4e 61 6d 65 22 3a  22 22 7d                 |{"Name":""}|
        key 00000000  00 00 00 00 00 00 00 02                           |........|
            val 00000000  7b 22 4e 61 6d 65 22 3a  22 7a 22 7d              |{"Name":"z"}|
        key 00000000  00 00 00 00 00 00 00 03                           |........|
            val 00000000  7b 22 4e 61 6d 65 22 3a  22 7a 7a 22 7d           |{"Name":"zz"}|
        key 00000000  00 00 00 00 00 00 00 04                           |........|
            val 00000000  7b 22 4e 61 6d 65 22 3a  22 7a 7a 7a 22 7d        |{"Name":"zzz"}|
        key 00000000  00 00 00 00 00 00 00 05                           |........|
            val 00000000  7b 22 4e 61 6d 65 22 3a  22 7a 7a 7a 7a 22 7d     |{"Name":"zzzz"}|
        key 00000000  00 00 00 00 00 00 00 06                           |........|
            val 00000000  7b 22 4e 61 6d 65 22 3a  22 7a 7a 7a 7a 7a 22 7d  |{"Name":"zzzzz"}|
        key 00000000  00 00 00 00 00 00 00 07                           |........|
            val 00000000  7b 22 4e 61 6d 65 22 3a  22 7a 7a 7a 7a 7a 7a 22  |{"Name":"zzzzzz"|
            val 00000010  7d                                                |}|
        key 00000000  00 00 00 00 00 00 00 08                           |........|
            val 00000000  7b 22 4e 61 6d 65 22 3a  22 7a 7a 7a 7a 7a 7a 7a  |{"Name":"zzzzzzz|
            val 00000010  22 7d                                             |"}|
        key 00000000  00 00 00 00 00 00 00 09                           |........|
            val 00000000  7b 22 4e 61 6d 65 22 3a  22 7a 7a 7a 7a 7a 7a 7a  |{"Name":"zzzzzzz|
            val 00000010  7a 22 7d                                          |z"}|
        key 00000000  00 00 00 00 00 00 00 0a                           |........|
            val 00000000  7b 22 4e 61 6d 65 22 3a  22 7a 7a 7a 7a 7a 7a 7a  |{"Name":"zzzzzzz|
            val 00000010  7a 7a 22 7d                                       |zz"}|
        key 00000000  00 00 00 00 00 00 00 0b                           |........|
            val 00000000  7b 22 4e 61 6d 65 22 3a  22 7a 7a 7a 7a 7a 7a 7a  |{"Name":"zzzzzzz|
            val 00000010  7a 7a 7a 22 7d                                    |zzz"}|
        key 00000000  00 00 00 00 00 00 00 0c                           |........|
            val 00000000  7b 22 4e 61 6d 65 22 3a  22 7a 7a 7a 7a 7a 7a 7a  |{"Name":"zzzzzzz|
            val 00000010  7a 7a 7a 7a 22 7d                                 |zzzz"}|
        key 00000000  00 00 00 00 00 00 00 0d                           |........|
            val 00000000  7b 22 4e 61 6d 65 22 3a  22 7a 7a 7a 7a 7a 7a 7a  |{"Name":"zzzzzzz|
            val 00000010  7a 7a 7a 7a 7a 22 7d                              |zzzzz"}|
        key 00000000  00 00 00 00 00 00 00 0e                           |........|
            val 00000000  7b 22 4e 61 6d 65 22 3a  22 7a 7a 7a 7a 7a 7a 7a  |{"Name":"zzzzzzz|
            val 00000010  7a 7a 7a 7a 7a 7a 22 7d                           |zzzzzz"}|
        key 00000000  00 00 00 00 00 00 00 0f                           |........|
            val 00000000  7b 22 4e 61 6d 65 22 3a  22 7a 7a 7a 7a 7a 7a 7a  |{"Name":"zzzzzzz|
            val 00000010  7a 7a 7a 7a 7a 7a 7a 22  7d                       |zzzzzzz"}|
        key 00000000  00 00 00 00 00 00 00 10                           |........|
            val 00000000  7b 22 4e 61 6d 65 22 3a  22 7a 7a 7a 7a 7a 7a 7a  |{"Name":"zzzzzzz|
            val 00000010  7a 7a 7a 7a 7a 7a 7a 7a  22 7d                    |zzzzzzzz"}|
    bkt 00000000  69 6e 64 65 78                                    |index|
        bkt 00000000  75 2c 20 73 74 72 69 6e  67 20 4e 61 6d 65        |u, string Name|
            key 00000000  00                                                |.|
                val 00000000  00 00 00 00 00 00 00 01                           |........|
            key 00000000  7a                                                |z|
                val 00000000  00 00 00 00 00 00 00 02                           |........|
            key 00000000  7a 7a                                             |zz|
                val 00000000  00 00 00 00 00 00 00 03                           |........|
            key 00000000  7a 7a 7a                                          |zzz|
                val 00000000  00 00 00 00 00 00 00 04                           |........|
            key 00000000  7a 7a 7a 7a                                       |zzzz|
                val 00000000  00 00 00 00 00 00 00 05                           |........|
            key 00000000  7a 7a 7a 7a 7a                                    |zzzzz|
                val 00000000  00 00 00 00 00 00 00 06                           |........|
            key 00000000  7a 7a 7a 7a 7a 7a                                 |zzzzzz|
                val 00000000  00 00 00 00 00 00 00 07                           |........|
            key 00000000  7a 7a 7a 7a 7a 7a 7a                              |zzzzzzz|
                val 00000000  00 00 00 00 00 00 00 08                           |........|
            key 00000000  7a 7a 7a 7a 7a 7a 7a 7a                           |zzzzzzzz|
                val 00000000  00 00 00 00 00 00 00 09                           |........|
            key 00000000  7a 7a 7a 7a 7a 7a 7a 7a  7a                       |zzzzzzzzz|
                val 00000000  00 00 00 00 00 00 00 0a                           |........|
            key 00000000  7a 7a 7a 7a 7a 7a 7a 7a  7a 7a                    |zzzzzzzzzz|
                val 00000000  00 00 00 00 00 00 00 0b                           |........|
            key 00000000  7a 7a 7a 7a 7a 7a 7a 7a  7a 7a 7a                 |zzzzzzzzzzz|
                val 00000000  00 00 00 00 00 00 00 0c                           |........|
            key 00000000  7a 7a 7a 7a 7a 7a 7a 7a  7a 7a 7a 7a              |zzzzzzzzzzzz|
                val 00000000  00 00 00 00 00 00 00 0d                           |........|
            key 00000000  7a 7a 7a 7a 7a 7a 7a 7a  7a 7a 7a 7a 7a           |zzzzzzzzzzzzz|
                val 00000000  00 00 00 00 00 00 00 0e                           |........|
            key 00000000  7a 7a 7a 7a 7a 7a 7a 7a  7a 7a 7a 7a 7a 7a        |zzzzzzzzzzzzzz|
                val 00000000  00 00 00 00 00 00 00 0f                           |........|
            key 00000000  7a 7a 7a 7a 7a 7a 7a 7a  7a 7a 7a 7a 7a 7a 7a     |zzzzzzzzzzzzzzz|
                val 00000000  00 00 00 00 00 00 00 10                           |........|
