bkt 00000000  67 69 74 68 75 62 2e 63  6f 6d 2f 6e 6f 63 68 73  |github.com/nochs|
bkt 00000010  6f 2f 62 6f 6c 73 74 65  72 5f 74 65 73 74 2e 73  |o/bolster_test.s|
bkt 00000020  74 72 75 63 74 57 69 74  68 49 6e 63 72 65 6d 65  |tructWithIncreme|
bkt 00000030  6e 74 69 6e 67 49 44 41  6e 64 46 69 65 6c 64     |ntingIDAndField|
    bkt 00000000  64 61 74 61                                       |data|
        key 00000000  80 00 00 00 00 00 00 01                           |........|
            val 00000000  7b 22 49 44 22 3a 31 2c  22 4e 61 6d 65 22 3a 22  |{"ID":1,"Name":"|
            val 00000010  62 61 72 22 7d                                    |bar"}|
